args.c: In function ‘compute’:
args.c:4:9: warning: implicit declaration of function ‘printf’ [-Wimplicit-function-declaration]
    4 |         printf("a=%d b=%d\n", a, b);
      |         ^~~~~~
args.c:1:1: note: include ‘<stdio.h>’ or provide a declaration of ‘printf’
  +++ |+#include <stdio.h>
    1 | 
args.c:4:9: warning: incompatible implicit declaration of built-in function ‘printf’ [-Wbuiltin-declaration-mismatch]
    4 |         printf("a=%d b=%d\n", a, b);
      |         ^~~~~~
args.c:4:9: note: include ‘<stdio.h>’ or provide a declaration of ‘printf’
args.c:4:20: warning: format ‘%d’ expects argument of type ‘int’, but argument 2 has type ‘long int’ [-Wformat=]
    4 |         printf("a=%d b=%d\n", a, b);
      |                   ~^          ~
      |                    |          |
      |                    int        long int
      |                   %ld
args.c:4:25: warning: format ‘%d’ expects argument of type ‘int’, but argument 3 has type ‘long int’ [-Wformat=]
    4 |         printf("a=%d b=%d\n", a, b);
      |                        ~^        ~
      |                         |        |
      |                         int      long int
      |                        %ld
