array2.c: In function ‘main’:
array2.c:8:13: warning: implicit declaration of function ‘malloc’ [-Wimplicit-function-declaration]
    8 |         a = malloc(8*20);
      |             ^~~~~~
array2.c:1:1: note: include ‘<stdlib.h>’ or provide a declaration of ‘malloc’
  +++ |+#include <stdlib.h>
    1 | 
array2.c:8:13: warning: incompatible implicit declaration of built-in function ‘malloc’ [-Wbuiltin-declaration-mismatch]
    8 |         a = malloc(8*20);
      |             ^~~~~~
array2.c:8:13: note: include ‘<stdlib.h>’ or provide a declaration of ‘malloc’
array2.c:14:9: warning: implicit declaration of function ‘printf’ [-Wimplicit-function-declaration]
   14 |         printf("Ok so far\n");
      |         ^~~~~~
array2.c:1:1: note: include ‘<stdio.h>’ or provide a declaration of ‘printf’
  +++ |+#include <stdio.h>
    1 | 
array2.c:14:9: warning: incompatible implicit declaration of built-in function ‘printf’ [-Wbuiltin-declaration-mismatch]
   14 |         printf("Ok so far\n");
      |         ^~~~~~
array2.c:14:9: note: include ‘<stdio.h>’ or provide a declaration of ‘printf’
array2.c:17:26: warning: format ‘%d’ expects argument of type ‘int’, but argument 2 has type ‘long int’ [-Wformat=]
   17 |                 printf("%d: %d\n", i, a[i]);
      |                         ~^         ~
      |                          |         |
      |                          int       long int
      |                         %ld
array2.c:17:30: warning: format ‘%d’ expects argument of type ‘int’, but argument 3 has type ‘long int’ [-Wformat=]
   17 |                 printf("%d: %d\n", i, a[i]);
      |                             ~^        ~~~~
      |                              |         |
      |                              int       long int
      |                             %ld
