array.c: In function ‘main’:
array.c:6:13: warning: implicit declaration of function ‘malloc’ [-Wimplicit-function-declaration]
    6 |         a = malloc(8*20);
      |             ^~~~~~
array.c:1:1: note: include ‘<stdlib.h>’ or provide a declaration of ‘malloc’
  +++ |+#include <stdlib.h>
    1 | 
array.c:6:13: warning: incompatible implicit declaration of built-in function ‘malloc’ [-Wbuiltin-declaration-mismatch]
    6 |         a = malloc(8*20);
      |             ^~~~~~
array.c:6:13: note: include ‘<stdlib.h>’ or provide a declaration of ‘malloc’
array.c:9:9: warning: implicit declaration of function ‘printf’ [-Wimplicit-function-declaration]
    9 |         printf("a[8]=%d\n", a[8]);
      |         ^~~~~~
array.c:1:1: note: include ‘<stdio.h>’ or provide a declaration of ‘printf’
  +++ |+#include <stdio.h>
    1 | 
array.c:9:9: warning: incompatible implicit declaration of built-in function ‘printf’ [-Wbuiltin-declaration-mismatch]
    9 |         printf("a[8]=%d\n", a[8]);
      |         ^~~~~~
array.c:9:9: note: include ‘<stdio.h>’ or provide a declaration of ‘printf’
array.c:9:23: warning: format ‘%d’ expects argument of type ‘int’, but argument 2 has type ‘long int’ [-Wformat=]
    9 |         printf("a[8]=%d\n", a[8]);
      |                      ~^     ~~~~
      |                       |      |
      |                       int    long int
      |                      %ld
