char.c: In function ‘main’:
char.c:9:9: warning: implicit declaration of function ‘printf’ [-Wimplicit-function-declaration]
    9 |         printf("h[1]=%c\n", h[1]);
      |         ^~~~~~
char.c:1:1: note: include ‘<stdio.h>’ or provide a declaration of ‘printf’
  +++ |+#include <stdio.h>
    1 | 
char.c:9:9: warning: incompatible implicit declaration of built-in function ‘printf’ [-Wbuiltin-declaration-mismatch]
    9 |         printf("h[1]=%c\n", h[1]);
      |         ^~~~~~
char.c:9:9: note: include ‘<stdio.h>’ or provide a declaration of ‘printf’
