div.c: In function ‘main’:
div.c:4:9: warning: implicit declaration of function ‘printf’ [-Wimplicit-function-declaration]
    4 |         printf("88/11=%d\n", 88/11);
      |         ^~~~~~
div.c:1:1: note: include ‘<stdio.h>’ or provide a declaration of ‘printf’
  +++ |+#include <stdio.h>
    1 | 
div.c:4:9: warning: incompatible implicit declaration of built-in function ‘printf’ [-Wbuiltin-declaration-mismatch]
    4 |         printf("88/11=%d\n", 88/11);
      |         ^~~~~~
div.c:4:9: note: include ‘<stdio.h>’ or provide a declaration of ‘printf’
div.c:5:22: warning: unknown conversion type character ‘=’ in format [-Wformat=]
    5 |         printf("83%11=%d\n", 83%11);
      |                      ^
