equal.c: In function ‘main’:
equal.c:4:9: warning: implicit declaration of function ‘printf’ [-Wimplicit-function-declaration]
    4 |         printf("9==8%d\n", 9==8);
      |         ^~~~~~
equal.c:1:1: note: include ‘<stdio.h>’ or provide a declaration of ‘printf’
  +++ |+#include <stdio.h>
    1 | 
equal.c:4:9: warning: incompatible implicit declaration of built-in function ‘printf’ [-Wbuiltin-declaration-mismatch]
    4 |         printf("9==8%d\n", 9==8);
      |         ^~~~~~
equal.c:4:9: note: include ‘<stdio.h>’ or provide a declaration of ‘printf’
