fact.c: In function ‘main’:
fact.c:9:9: warning: implicit declaration of function ‘printf’ [-Wimplicit-function-declaration]
    9 |         printf(" Factorial of 5 = %d\n" , fact(5));
      |         ^~~~~~
fact.c:1:1: note: include ‘<stdio.h>’ or provide a declaration of ‘printf’
  +++ |+#include <stdio.h>
    1 | 
fact.c:9:9: warning: incompatible implicit declaration of built-in function ‘printf’ [-Wbuiltin-declaration-mismatch]
    9 |         printf(" Factorial of 5 = %d\n" , fact(5));
      |         ^~~~~~
fact.c:9:9: note: include ‘<stdio.h>’ or provide a declaration of ‘printf’
fact.c:9:36: warning: format ‘%d’ expects argument of type ‘int’, but argument 2 has type ‘long int’ [-Wformat=]
    9 |         printf(" Factorial of 5 = %d\n" , fact(5));
      |                                   ~^      ~~~~~~~
      |                                    |      |
      |                                    int    long int
      |                                   %ld
