local.c: In function ‘main’:
local.c:7:9: warning: implicit declaration of function ‘printf’ [-Wimplicit-function-declaration]
    7 |         printf("l=%d\n", l);
      |         ^~~~~~
local.c:1:1: note: include ‘<stdio.h>’ or provide a declaration of ‘printf’
  +++ |+#include <stdio.h>
    1 | 
local.c:7:9: warning: incompatible implicit declaration of built-in function ‘printf’ [-Wbuiltin-declaration-mismatch]
    7 |         printf("l=%d\n", l);
      |         ^~~~~~
local.c:7:9: note: include ‘<stdio.h>’ or provide a declaration of ‘printf’
local.c:7:20: warning: format ‘%d’ expects argument of type ‘int’, but argument 2 has type ‘long int’ [-Wformat=]
    7 |         printf("l=%d\n", l);
      |                   ~^     ~
      |                    |     |
      |                    int   long int
      |                   %ld
