nested.c: In function ‘main’:
nested.c:13:9: warning: implicit declaration of function ‘printf’ [-Wimplicit-function-declaration]
   13 |         printf("compute=%d\n", compute(1, 2, 3));
      |         ^~~~~~
nested.c:1:1: note: include ‘<stdio.h>’ or provide a declaration of ‘printf’
  +++ |+#include <stdio.h>
    1 | 
nested.c:13:9: warning: incompatible implicit declaration of built-in function ‘printf’ [-Wbuiltin-declaration-mismatch]
   13 |         printf("compute=%d\n", compute(1, 2, 3));
      |         ^~~~~~
nested.c:13:9: note: include ‘<stdio.h>’ or provide a declaration of ‘printf’
nested.c:13:26: warning: format ‘%d’ expects argument of type ‘int’, but argument 2 has type ‘long int’ [-Wformat=]
   13 |         printf("compute=%d\n", compute(1, 2, 3));
      |                         ~^     ~~~~~~~~~~~~~~~~
      |                          |     |
      |                          int   long int
      |                         %ld
