quicksortstr.c: In function ‘printArray’:
quicksortstr.c:6:17: warning: implicit declaration of function ‘printf’ [-Wimplicit-function-declaration]
    6 |                 printf("%d: %s\n", i, a[i]);
      |                 ^~~~~~
quicksortstr.c:1:1: note: include ‘<stdio.h>’ or provide a declaration of ‘printf’
  +++ |+#include <stdio.h>
    1 | 
quicksortstr.c:6:17: warning: incompatible implicit declaration of built-in function ‘printf’ [-Wbuiltin-declaration-mismatch]
    6 |                 printf("%d: %s\n", i, a[i]);
      |                 ^~~~~~
quicksortstr.c:6:17: note: include ‘<stdio.h>’ or provide a declaration of ‘printf’
quicksortstr.c:6:26: warning: format ‘%d’ expects argument of type ‘int’, but argument 2 has type ‘long int’ [-Wformat=]
    6 |                 printf("%d: %s\n", i, a[i]);
      |                         ~^         ~
      |                          |         |
      |                          int       long int
      |                         %ld
quicksortstr.c: In function ‘print’:
quicksortstr.c:11:9: warning: incompatible implicit declaration of built-in function ‘printf’ [-Wbuiltin-declaration-mismatch]
   11 |         printf("==%s==\n", s);
      |         ^~~~~~
quicksortstr.c:11:9: note: include ‘<stdio.h>’ or provide a declaration of ‘printf’
quicksortstr.c: In function ‘quicksortsubrange’:
quicksortstr.c:66:29: warning: assignment to ‘long int’ from ‘char *’ makes integer from pointer without a cast [-Wint-conversion]
   66 |                         tmp = a[l];
      |                             ^
quicksortstr.c:68:29: warning: assignment to ‘char *’ from ‘long int’ makes pointer from integer without a cast [-Wint-conversion]
   68 |                         a[g]=tmp;
      |                             ^
quicksortstr.c: In function ‘quicksort’:
quicksortstr.c:81:27: warning: passing argument 1 of ‘quicksortsubrange’ from incompatible pointer type [-Wincompatible-pointer-types]
   81 |         quicksortsubrange(a, 0, n - 1);
      |                           ^
      |                           |
      |                           long int *
quicksortstr.c:40:31: note: expected ‘char **’ but argument is of type ‘long int *’
   40 | long quicksortsubrange(char** a, long left, long right)
      |                        ~~~~~~~^
quicksortstr.c: In function ‘main’:
quicksortstr.c:91:13: warning: implicit declaration of function ‘malloc’ [-Wimplicit-function-declaration]
   91 |         a = malloc(n*8);
      |             ^~~~~~
quicksortstr.c:1:1: note: include ‘<stdlib.h>’ or provide a declaration of ‘malloc’
  +++ |+#include <stdlib.h>
    1 | 
quicksortstr.c:91:13: warning: incompatible implicit declaration of built-in function ‘malloc’ [-Wbuiltin-declaration-mismatch]
   91 |         a = malloc(n*8);
      |             ^~~~~~
quicksortstr.c:91:13: note: include ‘<stdlib.h>’ or provide a declaration of ‘malloc’
quicksortstr.c:100:9: warning: incompatible implicit declaration of built-in function ‘printf’ [-Wbuiltin-declaration-mismatch]
  100 |         printf("-------- Before -------\n");
      |         ^~~~~~
quicksortstr.c:100:9: note: include ‘<stdio.h>’ or provide a declaration of ‘printf’
quicksortstr.c:102:19: warning: passing argument 1 of ‘quicksort’ from incompatible pointer type [-Wincompatible-pointer-types]
  102 |         quicksort(a, n);
      |                   ^
      |                   |
      |                   char **
quicksortstr.c:80:22: note: expected ‘long int *’ but argument is of type ‘char **’
   80 | void quicksort(long* a, long n) {
      |                ~~~~~~^
