test1.c: In function ‘main’:
test1.c:4:9: warning: implicit declaration of function ‘printf’ [-Wimplicit-function-declaration]
    4 |         printf("Hello world...\n");
      |         ^~~~~~
test1.c:1:1: note: include ‘<stdio.h>’ or provide a declaration of ‘printf’
  +++ |+#include <stdio.h>
    1 | 
test1.c:4:9: warning: incompatible implicit declaration of built-in function ‘printf’ [-Wbuiltin-declaration-mismatch]
    4 |         printf("Hello world...\n");
      |         ^~~~~~
test1.c:4:9: note: include ‘<stdio.h>’ or provide a declaration of ‘printf’
