while.c: In function ‘main’:
while.c:9:17: warning: implicit declaration of function ‘printf’ [-Wimplicit-function-declaration]
    9 |                 printf("i=%d\n", i);
      |                 ^~~~~~
while.c:1:1: note: include ‘<stdio.h>’ or provide a declaration of ‘printf’
  +++ |+#include <stdio.h>
    1 | 
while.c:9:17: warning: incompatible implicit declaration of built-in function ‘printf’ [-Wbuiltin-declaration-mismatch]
    9 |                 printf("i=%d\n", i);
      |                 ^~~~~~
while.c:9:17: note: include ‘<stdio.h>’ or provide a declaration of ‘printf’
while.c:9:28: warning: format ‘%d’ expects argument of type ‘int’, but argument 2 has type ‘long int’ [-Wformat=]
    9 |                 printf("i=%d\n", i);
      |                           ~^     ~
      |                            |     |
      |                            int   long int
      |                           %ld
while.c:13:9: warning: incompatible implicit declaration of built-in function ‘printf’ [-Wbuiltin-declaration-mismatch]
   13 |         printf("OK\n");
      |         ^~~~~~
while.c:13:9: note: include ‘<stdio.h>’ or provide a declaration of ‘printf’
